version https://git-lfs.github.com/spec/v1
oid sha256:2a00f716481b88e8da8eaf547a6610e3ff792303809a4463dad4855a89c99462
size 797728
